
======================================================================
MQTT v5.0 PHASE 8 - NO LOCAL SUBSCRIPTION OPTION TEST
======================================================================

Connecting clients...
[Client1-Publisher] Connected rc=Success
[Client1-Publisher] Subscribed to test/nolocal/messages with noLocal=True
[Client2-Subscriber] Connected rc=Success
[Client2-Subscriber] Subscribed to test/nolocal/messages with noLocal=False (default)

Cleaning up...
python : Traceback (most recent call last):
At line:1 char:253
+ ... ds 10; cd ..; python tests\test_mqtt5_phase8_no_local.py 2>&1 | Tee-O ...
+                   ~~~~~~~~~~~~~~~~~~~~~~~~~~~~~~~~~~~~~~~~~~~~~~~
    + CategoryInfo          : NotSpecified: (Traceback (most recent call last)::String) [], RemoteException
    + FullyQualifiedErrorId : NativeCommandError
 
  File "C:\Projects\monster-mq\tests\test_mqtt5_phase8_no_local.py", line 111, in run_test
    print("\n\u2713 Both clients connected and subscribed\n")
    ~~~~~^^^^^^^^^^^^^^^^^^^^^^^^^^^^^^^^^^^^^^^^^^^^^^^
  File "C:\Python313\Lib\encodings\cp1252.py", line 19, in encode
    return codecs.charmap_encode(input,self.errors,encoding_table)[0]
           ~~~~~~~~~~~~~~~~~~~~~^^^^^^^^^^^^^^^^^^^^^^^^^^^^^^^^^^
UnicodeEncodeError: 'charmap' codec can't encode character '\u2713' in position 2: character maps to <undefined>

During handling of the above exception, another exception occurred:

Traceback (most recent call last):
  File "C:\Projects\monster-mq\tests\test_mqtt5_phase8_no_local.py", line 172, in run_test
    print(f"\n\u274c TEST ERROR: {str(e)}")
    ~~~~~^^^^^^^^^^^^^^^^^^^^^^^^^^^^^^
  File "C:\Python313\Lib\encodings\cp1252.py", line 19, in encode
    return codecs.charmap_encode(input,self.errors,encoding_table)[0]
           ~~~~~~~~~~~~~~~~~~~~~^^^^^^^^^^^^^^^^^^^^^^^^^^^^^^^^^^
UnicodeEncodeError: 'charmap' codec can't encode character '\u274c' in position 2: character maps to <undefined>

During handling of the above exception, another exception occurred:

Traceback (most recent call last):
  File "C:\Projects\monster-mq\tests\test_mqtt5_phase8_no_local.py", line 187, in <module>
    success = run_test()
  File "C:\Projects\monster-mq\tests\test_mqtt5_phase8_no_local.py", line 182, in run_test
    client1.disconnect()
    ~~~~~~~~~~~~~~~~~~^^
  File "C:\Users\kevin.joosten\AppData\Roaming\Python\Python313\site-packages\paho\mqtt\client.py", line 1892, in dis
connect
    return self._send_disconnect(reasoncode, properties)
           ~~~~~~~~~~~~~~~~~~~~~^^^^^^^^^^^^^^^^^^^^^^^^
  File "C:\Users\kevin.joosten\AppData\Roaming\Python\Python313\site-packages\paho\mqtt\client.py", line 3610, in _se
nd_disconnect
    return self._packet_queue(command, packet, 0, 0)
           ~~~~~~~~~~~~~~~~~~^^^^^^^^^^^^^^^^^^^^^^^
  File "C:\Users\kevin.joosten\AppData\Roaming\Python\Python313\site-packages\paho\mqtt\client.py", line 3791, in _pa
cket_queue
    return self.loop_write()
           ~~~~~~~~~~~~~~~^^
  File "C:\Users\kevin.joosten\AppData\Roaming\Python\Python313\site-packages\paho\mqtt\client.py", line 2121, in loo
p_write
    rc = self._packet_write()
  File "C:\Users\kevin.joosten\AppData\Roaming\Python\Python313\site-packages\paho\mqtt\client.py", line 3226, in _pa
cket_write
    self._do_on_disconnect(
    ~~~~~~~~~~~~~~~~~~~~~~^
        packet_from_broker=False,
        ^^^^^^^^^^^^^^^^^^^^^^^^^
        v1_rc=MQTTErrorCode.MQTT_ERR_SUCCESS,
        ^^^^^^^^^^^^^^^^^^^^^^^^^^^^^^^^^^^^^
    )
    ^
  File "C:\Users\kevin.joosten\AppData\Roaming\Python\Python313\site-packages\paho\mqtt\client.py", line 4383, in _do
_on_disconnect
    on_disconnect(
    ~~~~~~~~~~~~~^
        self,
        ^^^^^
    ...<3 lines>...
        properties,
        ^^^^^^^^^^^
    )
    ^
TypeError: run_test.<locals>.<lambda>() takes 3 positional arguments but 5 were given
